INFO - 2026-02-03 09:29:05 --> REDIRECTED ROUTE at https://localhost:8080/
WARNING - 2026-02-03 09:29:05 --> [DEPRECATED] Return type of CodeIgniter\I18n\TimeTrait::createFromTimestamp(int|float $timestamp) should either be compatible with DateTimeImmutable::createFromTimestamp(int|float $timestamp): static, or the #[\ReturnTypeWillChange] attribute should be used to temporarily suppress the notice in SYSTEMPATH/I18n/TimeTrait.php on line 268.
 1 VENDORPATH/composer/ClassLoader.php(576): include('/home/Gilang/DPMPTSP/DataInvest/system/I18n/Time.php')
 2 VENDORPATH/composer/ClassLoader.php(427): {closure:Composer\Autoload\ClassLoader::initializeIncludeClosure():575}('/home/Gilang/DPMPTSP/DataInvest/vendor/composer/../../system/I18n/Time.php')
 3 SYSTEMPATH/Debug/Toolbar.php(401): Composer\Autoload\ClassLoader->loadClass('CodeIgniter\\I18n\\Time')
 4 SYSTEMPATH/Filters/DebugToolbar.php(43): CodeIgniter\Debug\Toolbar->prepare(Object(CodeIgniter\HTTP\IncomingRequest), Object(CodeIgniter\HTTP\Response))
 5 SYSTEMPATH/Filters/Filters.php(241): CodeIgniter\Filters\DebugToolbar->after(Object(CodeIgniter\HTTP\IncomingRequest), Object(CodeIgniter\HTTP\Response), null)
 6 SYSTEMPATH/Filters/Filters.php(291): CodeIgniter\Filters\Filters->runAfter([...])
 7 SYSTEMPATH/CodeIgniter.php(409): CodeIgniter\Filters\Filters->runRequired('after')
 8 SYSTEMPATH/CodeIgniter.php(372): CodeIgniter\CodeIgniter->runRequiredAfterFilters(Object(CodeIgniter\Filters\Filters))
 9 SYSTEMPATH/Boot.php(325): CodeIgniter\CodeIgniter->run()
10 SYSTEMPATH/Boot.php(67): CodeIgniter\Boot::runCodeIgniter(Object(CodeIgniter\CodeIgniter))
11 FCPATH/index.php(54): CodeIgniter\Boot::bootWeb(Object(Config\Paths))
12 SYSTEMPATH/rewrite.php(44): require_once('/home/Gilang/DPMPTSP/DataInvest/public/index.php')
INFO - 2026-02-03 15:25:36 --> REDIRECTED ROUTE at https://localhost:8080/
WARNING - 2026-02-03 15:25:36 --> [DEPRECATED] Return type of CodeIgniter\I18n\TimeTrait::createFromTimestamp(int|float $timestamp) should either be compatible with DateTimeImmutable::createFromTimestamp(int|float $timestamp): static, or the #[\ReturnTypeWillChange] attribute should be used to temporarily suppress the notice in SYSTEMPATH/I18n/TimeTrait.php on line 268.
 1 VENDORPATH/composer/ClassLoader.php(576): include('/persistent/home/Gilang/DPMPTSP/DataInvest/system/I18n/Time.php')
 2 VENDORPATH/composer/ClassLoader.php(427): {closure:Composer\Autoload\ClassLoader::initializeIncludeClosure():575}('/persistent/home/Gilang/DPMPTSP/DataInvest/vendor/composer/../../system/I18n/Time.php')
 3 SYSTEMPATH/Debug/Toolbar.php(401): Composer\Autoload\ClassLoader->loadClass('CodeIgniter\\I18n\\Time')
 4 SYSTEMPATH/Filters/DebugToolbar.php(43): CodeIgniter\Debug\Toolbar->prepare(Object(CodeIgniter\HTTP\IncomingRequest), Object(CodeIgniter\HTTP\Response))
 5 SYSTEMPATH/Filters/Filters.php(241): CodeIgniter\Filters\DebugToolbar->after(Object(CodeIgniter\HTTP\IncomingRequest), Object(CodeIgniter\HTTP\Response), null)
 6 SYSTEMPATH/Filters/Filters.php(291): CodeIgniter\Filters\Filters->runAfter([...])
 7 SYSTEMPATH/CodeIgniter.php(409): CodeIgniter\Filters\Filters->runRequired('after')
 8 SYSTEMPATH/CodeIgniter.php(372): CodeIgniter\CodeIgniter->runRequiredAfterFilters(Object(CodeIgniter\Filters\Filters))
 9 SYSTEMPATH/Boot.php(325): CodeIgniter\CodeIgniter->run()
10 SYSTEMPATH/Boot.php(67): CodeIgniter\Boot::runCodeIgniter(Object(CodeIgniter\CodeIgniter))
11 FCPATH/index.php(54): CodeIgniter\Boot::bootWeb(Object(Config\Paths))
12 SYSTEMPATH/rewrite.php(44): require_once('/persistent/home/Gilang/DPMPTSP/DataInvest/public/index.php')
